[     743ms] [INFO] %cDownload the React DevTools for a better development experience: https://react.dev/link/react-devtools font-weight:bold @ http://localhost:5183/node_modules/.vite/deps/react-dom_client.js?v=68a069a7:20102
[     806ms] TypeError: Cannot read properties of undefined (reading 'local')
    at Object.get (http://localhost:5183/src/services/storage.ts:3:41)
    at http://localhost:5183/src/hooks/useSettings.ts:20:13
    at Object.react_stack_bottom_frame (http://localhost:5183/node_modules/.vite/deps/react-dom_client.js?v=68a069a7:18567:20)
    at runWithFiberInDEV (http://localhost:5183/node_modules/.vite/deps/react-dom_client.js?v=68a069a7:997:72)
    at commitHookEffectListMount (http://localhost:5183/node_modules/.vite/deps/react-dom_client.js?v=68a069a7:9411:163)
    at commitHookPassiveMountEffects (http://localhost:5183/node_modules/.vite/deps/react-dom_client.js?v=68a069a7:9465:60)
    at commitPassiveMountOnFiber (http://localhost:5183/node_modules/.vite/deps/react-dom_client.js?v=68a069a7:11040:29)
    at recursivelyTraversePassiveMountEffects (http://localhost:5183/node_modules/.vite/deps/react-dom_client.js?v=68a069a7:11010:13)
    at commitPassiveMountOnFiber (http://localhost:5183/node_modules/.vite/deps/react-dom_client.js?v=68a069a7:11201:13)
    at recursivelyTraversePassiveMountEffects (http://localhost:5183/node_modules/.vite/deps/react-dom_client.js?v=68a069a7:11010:13)
[     806ms] TypeError: Cannot read properties of undefined (reading 'local')
    at Object.get (http://localhost:5183/src/services/storage.ts:3:41)
    at http://localhost:5183/src/hooks/useProjects.ts:13:13
    at Object.react_stack_bottom_frame (http://localhost:5183/node_modules/.vite/deps/react-dom_client.js?v=68a069a7:18567:20)
    at runWithFiberInDEV (http://localhost:5183/node_modules/.vite/deps/react-dom_client.js?v=68a069a7:997:72)
    at commitHookEffectListMount (http://localhost:5183/node_modules/.vite/deps/react-dom_client.js?v=68a069a7:9411:163)
    at commitHookPassiveMountEffects (http://localhost:5183/node_modules/.vite/deps/react-dom_client.js?v=68a069a7:9465:60)
    at commitPassiveMountOnFiber (http://localhost:5183/node_modules/.vite/deps/react-dom_client.js?v=68a069a7:11040:29)
    at recursivelyTraversePassiveMountEffects (http://localhost:5183/node_modules/.vite/deps/react-dom_client.js?v=68a069a7:11010:13)
    at commitPassiveMountOnFiber (http://localhost:5183/node_modules/.vite/deps/react-dom_client.js?v=68a069a7:11201:13)
    at recursivelyTraversePassiveMountEffects (http://localhost:5183/node_modules/.vite/deps/react-dom_client.js?v=68a069a7:11010:13)
[     806ms] TypeError: Cannot read properties of undefined (reading 'local')
    at Object.get (http://localhost:5183/src/services/storage.ts:3:41)
    at http://localhost:5183/src/hooks/useNotes.ts:9:13
    at Object.react_stack_bottom_frame (http://localhost:5183/node_modules/.vite/deps/react-dom_client.js?v=68a069a7:18567:20)
    at runWithFiberInDEV (http://localhost:5183/node_modules/.vite/deps/react-dom_client.js?v=68a069a7:997:72)
    at commitHookEffectListMount (http://localhost:5183/node_modules/.vite/deps/react-dom_client.js?v=68a069a7:9411:163)
    at commitHookPassiveMountEffects (http://localhost:5183/node_modules/.vite/deps/react-dom_client.js?v=68a069a7:9465:60)
    at commitPassiveMountOnFiber (http://localhost:5183/node_modules/.vite/deps/react-dom_client.js?v=68a069a7:11040:29)
    at recursivelyTraversePassiveMountEffects (http://localhost:5183/node_modules/.vite/deps/react-dom_client.js?v=68a069a7:11010:13)
    at commitPassiveMountOnFiber (http://localhost:5183/node_modules/.vite/deps/react-dom_client.js?v=68a069a7:11201:13)
    at recursivelyTraversePassiveMountEffects (http://localhost:5183/node_modules/.vite/deps/react-dom_client.js?v=68a069a7:11010:13)
[     806ms] TypeError: Cannot read properties of undefined (reading 'local')
    at Object.get (http://localhost:5183/src/services/storage.ts:3:41)
    at http://localhost:5183/src/hooks/useSettings.ts:20:13
    at Object.react_stack_bottom_frame (http://localhost:5183/node_modules/.vite/deps/react-dom_client.js?v=68a069a7:18567:20)
    at runWithFiberInDEV (http://localhost:5183/node_modules/.vite/deps/react-dom_client.js?v=68a069a7:997:72)
    at commitHookEffectListMount (http://localhost:5183/node_modules/.vite/deps/react-dom_client.js?v=68a069a7:9411:163)
    at commitHookPassiveMountEffects (http://localhost:5183/node_modules/.vite/deps/react-dom_client.js?v=68a069a7:9465:60)
    at reconnectPassiveEffects (http://localhost:5183/node_modules/.vite/deps/react-dom_client.js?v=68a069a7:11273:13)
    at recursivelyTraverseReconnectPassiveEffects (http://localhost:5183/node_modules/.vite/deps/react-dom_client.js?v=68a069a7:11240:11)
    at reconnectPassiveEffects (http://localhost:5183/node_modules/.vite/deps/react-dom_client.js?v=68a069a7:11317:13)
    at doubleInvokeEffectsOnFiber (http://localhost:5183/node_modules/.vite/deps/react-dom_client.js?v=68a069a7:13339:135)
[     808ms] TypeError: Cannot read properties of undefined (reading 'local')
    at Object.get (http://localhost:5183/src/services/storage.ts:3:41)
    at http://localhost:5183/src/hooks/useProjects.ts:13:13
    at Object.react_stack_bottom_frame (http://localhost:5183/node_modules/.vite/deps/react-dom_client.js?v=68a069a7:18567:20)
    at runWithFiberInDEV (http://localhost:5183/node_modules/.vite/deps/react-dom_client.js?v=68a069a7:997:72)
    at commitHookEffectListMount (http://localhost:5183/node_modules/.vite/deps/react-dom_client.js?v=68a069a7:9411:163)
    at commitHookPassiveMountEffects (http://localhost:5183/node_modules/.vite/deps/react-dom_client.js?v=68a069a7:9465:60)
    at reconnectPassiveEffects (http://localhost:5183/node_modules/.vite/deps/react-dom_client.js?v=68a069a7:11273:13)
    at recursivelyTraverseReconnectPassiveEffects (http://localhost:5183/node_modules/.vite/deps/react-dom_client.js?v=68a069a7:11240:11)
    at reconnectPassiveEffects (http://localhost:5183/node_modules/.vite/deps/react-dom_client.js?v=68a069a7:11317:13)
    at doubleInvokeEffectsOnFiber (http://localhost:5183/node_modules/.vite/deps/react-dom_client.js?v=68a069a7:13339:135)
[     808ms] TypeError: Cannot read properties of undefined (reading 'local')
    at Object.get (http://localhost:5183/src/services/storage.ts:3:41)
    at http://localhost:5183/src/hooks/useNotes.ts:9:13
    at Object.react_stack_bottom_frame (http://localhost:5183/node_modules/.vite/deps/react-dom_client.js?v=68a069a7:18567:20)
    at runWithFiberInDEV (http://localhost:5183/node_modules/.vite/deps/react-dom_client.js?v=68a069a7:997:72)
    at commitHookEffectListMount (http://localhost:5183/node_modules/.vite/deps/react-dom_client.js?v=68a069a7:9411:163)
    at commitHookPassiveMountEffects (http://localhost:5183/node_modules/.vite/deps/react-dom_client.js?v=68a069a7:9465:60)
    at reconnectPassiveEffects (http://localhost:5183/node_modules/.vite/deps/react-dom_client.js?v=68a069a7:11273:13)
    at recursivelyTraverseReconnectPassiveEffects (http://localhost:5183/node_modules/.vite/deps/react-dom_client.js?v=68a069a7:11240:11)
    at reconnectPassiveEffects (http://localhost:5183/node_modules/.vite/deps/react-dom_client.js?v=68a069a7:11317:13)
    at doubleInvokeEffectsOnFiber (http://localhost:5183/node_modules/.vite/deps/react-dom_client.js?v=68a069a7:13339:135)
[     808ms] TypeError: Cannot read properties of undefined (reading 'local')
    at Object.get (http://localhost:5183/src/services/storage.ts:3:41)
    at readAllDailyData (http://localhost:5183/src/hooks/useDailyData.ts:19:29)
    at http://localhost:5183/src/hooks/useDailyData.ts:62:25
    at http://localhost:5183/src/hooks/useDailyData.ts:76:7
    at Object.react_stack_bottom_frame (http://localhost:5183/node_modules/.vite/deps/react-dom_client.js?v=68a069a7:18567:20)
    at runWithFiberInDEV (http://localhost:5183/node_modules/.vite/deps/react-dom_client.js?v=68a069a7:997:72)
    at commitHookEffectListMount (http://localhost:5183/node_modules/.vite/deps/react-dom_client.js?v=68a069a7:9411:163)
    at commitHookPassiveMountEffects (http://localhost:5183/node_modules/.vite/deps/react-dom_client.js?v=68a069a7:9465:60)
    at commitPassiveMountOnFiber (http://localhost:5183/node_modules/.vite/deps/react-dom_client.js?v=68a069a7:11040:29)
    at recursivelyTraversePassiveMountEffects (http://localhost:5183/node_modules/.vite/deps/react-dom_client.js?v=68a069a7:11010:13)
[     808ms] TypeError: Cannot read properties of undefined (reading 'local')
    at Object.get (http://localhost:5183/src/services/storage.ts:3:41)
    at readAllDailyData (http://localhost:5183/src/hooks/useDailyData.ts:19:29)
    at http://localhost:5183/src/hooks/useDailyData.ts:62:25
    at http://localhost:5183/src/hooks/useDailyData.ts:76:7
    at Object.react_stack_bottom_frame (http://localhost:5183/node_modules/.vite/deps/react-dom_client.js?v=68a069a7:18567:20)
    at runWithFiberInDEV (http://localhost:5183/node_modules/.vite/deps/react-dom_client.js?v=68a069a7:997:72)
    at commitHookEffectListMount (http://localhost:5183/node_modules/.vite/deps/react-dom_client.js?v=68a069a7:9411:163)
    at commitHookPassiveMountEffects (http://localhost:5183/node_modules/.vite/deps/react-dom_client.js?v=68a069a7:9465:60)
    at reconnectPassiveEffects (http://localhost:5183/node_modules/.vite/deps/react-dom_client.js?v=68a069a7:11273:13)
    at recursivelyTraverseReconnectPassiveEffects (http://localhost:5183/node_modules/.vite/deps/react-dom_client.js?v=68a069a7:11240:11)
[     808ms] [ERROR] Failed to load resource: the server responded with a status of 404 (Not Found) @ http://localhost:5183/favicon.ico:0
