[      50ms] [INFO] %cDownload the React DevTools for a better development experience: https://react.dev/link/react-devtools font-weight:bold @ http://localhost:5183/node_modules/.vite/deps/react-dom_client.js?v=68a069a7:20102
[      92ms] TypeError: Cannot read properties of undefined (reading 'local')
    at Object.get (http://localhost:5183/src/services/storage.ts:3:41)
    at http://localhost:5183/src/hooks/useSettings.ts:20:13
    at Object.react_stack_bottom_frame (http://localhost:5183/node_modules/.vite/deps/react-dom_client.js?v=68a069a7:18567:20)
    at runWithFiberInDEV (http://localhost:5183/node_modules/.vite/deps/react-dom_client.js?v=68a069a7:997:72)
    at commitHookEffectListMount (http://localhost:5183/node_modules/.vite/deps/react-dom_client.js?v=68a069a7:9411:163)
    at commitHookPassiveMountEffects (http://localhost:5183/node_modules/.vite/deps/react-dom_client.js?v=68a069a7:9465:60)
    at commitPassiveMountOnFiber (http://localhost:5183/node_modules/.vite/deps/react-dom_client.js?v=68a069a7:11040:29)
    at recursivelyTraversePassiveMountEffects (http://localhost:5183/node_modules/.vite/deps/react-dom_client.js?v=68a069a7:11010:13)
    at commitPassiveMountOnFiber (http://localhost:5183/node_modules/.vite/deps/react-dom_client.js?v=68a069a7:11201:13)
    at recursivelyTraversePassiveMountEffects (http://localhost:5183/node_modules/.vite/deps/react-dom_client.js?v=68a069a7:11010:13)
[      92ms] TypeError: Cannot read properties of undefined (reading 'local')
    at Object.get (http://localhost:5183/src/services/storage.ts:3:41)
    at http://localhost:5183/src/hooks/useProjects.ts:13:13
    at Object.react_stack_bottom_frame (http://localhost:5183/node_modules/.vite/deps/react-dom_client.js?v=68a069a7:18567:20)
    at runWithFiberInDEV (http://localhost:5183/node_modules/.vite/deps/react-dom_client.js?v=68a069a7:997:72)
    at commitHookEffectListMount (http://localhost:5183/node_modules/.vite/deps/react-dom_client.js?v=68a069a7:9411:163)
    at commitHookPassiveMountEffects (http://localhost:5183/node_modules/.vite/deps/react-dom_client.js?v=68a069a7:9465:60)
    at commitPassiveMountOnFiber (http://localhost:5183/node_modules/.vite/deps/react-dom_client.js?v=68a069a7:11040:29)
    at recursivelyTraversePassiveMountEffects (http://localhost:5183/node_modules/.vite/deps/react-dom_client.js?v=68a069a7:11010:13)
    at commitPassiveMountOnFiber (http://localhost:5183/node_modules/.vite/deps/react-dom_client.js?v=68a069a7:11201:13)
    at recursivelyTraversePassiveMountEffects (http://localhost:5183/node_modules/.vite/deps/react-dom_client.js?v=68a069a7:11010:13)
[      92ms] TypeError: Cannot read properties of undefined (reading 'local')
    at Object.get (http://localhost:5183/src/services/storage.ts:3:41)
    at http://localhost:5183/src/hooks/useNotes.ts:9:13
    at Object.react_stack_bottom_frame (http://localhost:5183/node_modules/.vite/deps/react-dom_client.js?v=68a069a7:18567:20)
    at runWithFiberInDEV (http://localhost:5183/node_modules/.vite/deps/react-dom_client.js?v=68a069a7:997:72)
    at commitHookEffectListMount (http://localhost:5183/node_modules/.vite/deps/react-dom_client.js?v=68a069a7:9411:163)
    at commitHookPassiveMountEffects (http://localhost:5183/node_modules/.vite/deps/react-dom_client.js?v=68a069a7:9465:60)
    at commitPassiveMountOnFiber (http://localhost:5183/node_modules/.vite/deps/react-dom_client.js?v=68a069a7:11040:29)
    at recursivelyTraversePassiveMountEffects (http://localhost:5183/node_modules/.vite/deps/react-dom_client.js?v=68a069a7:11010:13)
    at commitPassiveMountOnFiber (http://localhost:5183/node_modules/.vite/deps/react-dom_client.js?v=68a069a7:11201:13)
    at recursivelyTraversePassiveMountEffects (http://localhost:5183/node_modules/.vite/deps/react-dom_client.js?v=68a069a7:11010:13)
[      92ms] TypeError: Cannot read properties of undefined (reading 'local')
    at Object.get (http://localhost:5183/src/services/storage.ts:3:41)
    at http://localhost:5183/src/hooks/useSettings.ts:20:13
    at Object.react_stack_bottom_frame (http://localhost:5183/node_modules/.vite/deps/react-dom_client.js?v=68a069a7:18567:20)
    at runWithFiberInDEV (http://localhost:5183/node_modules/.vite/deps/react-dom_client.js?v=68a069a7:997:72)
    at commitHookEffectListMount (http://localhost:5183/node_modules/.vite/deps/react-dom_client.js?v=68a069a7:9411:163)
    at commitHookPassiveMountEffects (http://localhost:5183/node_modules/.vite/deps/react-dom_client.js?v=68a069a7:9465:60)
    at reconnectPassiveEffects (http://localhost:5183/node_modules/.vite/deps/react-dom_client.js?v=68a069a7:11273:13)
    at recursivelyTraverseReconnectPassiveEffects (http://localhost:5183/node_modules/.vite/deps/react-dom_client.js?v=68a069a7:11240:11)
    at reconnectPassiveEffects (http://localhost:5183/node_modules/.vite/deps/react-dom_client.js?v=68a069a7:11317:13)
    at doubleInvokeEffectsOnFiber (http://localhost:5183/node_modules/.vite/deps/react-dom_client.js?v=68a069a7:13339:135)
[      92ms] TypeError: Cannot read properties of undefined (reading 'local')
    at Object.get (http://localhost:5183/src/services/storage.ts:3:41)
    at http://localhost:5183/src/hooks/useProjects.ts:13:13
    at Object.react_stack_bottom_frame (http://localhost:5183/node_modules/.vite/deps/react-dom_client.js?v=68a069a7:18567:20)
    at runWithFiberInDEV (http://localhost:5183/node_modules/.vite/deps/react-dom_client.js?v=68a069a7:997:72)
    at commitHookEffectListMount (http://localhost:5183/node_modules/.vite/deps/react-dom_client.js?v=68a069a7:9411:163)
    at commitHookPassiveMountEffects (http://localhost:5183/node_modules/.vite/deps/react-dom_client.js?v=68a069a7:9465:60)
    at reconnectPassiveEffects (http://localhost:5183/node_modules/.vite/deps/react-dom_client.js?v=68a069a7:11273:13)
    at recursivelyTraverseReconnectPassiveEffects (http://localhost:5183/node_modules/.vite/deps/react-dom_client.js?v=68a069a7:11240:11)
    at reconnectPassiveEffects (http://localhost:5183/node_modules/.vite/deps/react-dom_client.js?v=68a069a7:11317:13)
    at doubleInvokeEffectsOnFiber (http://localhost:5183/node_modules/.vite/deps/react-dom_client.js?v=68a069a7:13339:135)
[      92ms] TypeError: Cannot read properties of undefined (reading 'local')
    at Object.get (http://localhost:5183/src/services/storage.ts:3:41)
    at http://localhost:5183/src/hooks/useNotes.ts:9:13
    at Object.react_stack_bottom_frame (http://localhost:5183/node_modules/.vite/deps/react-dom_client.js?v=68a069a7:18567:20)
    at runWithFiberInDEV (http://localhost:5183/node_modules/.vite/deps/react-dom_client.js?v=68a069a7:997:72)
    at commitHookEffectListMount (http://localhost:5183/node_modules/.vite/deps/react-dom_client.js?v=68a069a7:9411:163)
    at commitHookPassiveMountEffects (http://localhost:5183/node_modules/.vite/deps/react-dom_client.js?v=68a069a7:9465:60)
    at reconnectPassiveEffects (http://localhost:5183/node_modules/.vite/deps/react-dom_client.js?v=68a069a7:11273:13)
    at recursivelyTraverseReconnectPassiveEffects (http://localhost:5183/node_modules/.vite/deps/react-dom_client.js?v=68a069a7:11240:11)
    at reconnectPassiveEffects (http://localhost:5183/node_modules/.vite/deps/react-dom_client.js?v=68a069a7:11317:13)
    at doubleInvokeEffectsOnFiber (http://localhost:5183/node_modules/.vite/deps/react-dom_client.js?v=68a069a7:13339:135)
[      92ms] TypeError: Cannot read properties of undefined (reading 'local')
    at Object.get (http://localhost:5183/src/services/storage.ts:3:41)
    at readAllDailyData (http://localhost:5183/src/hooks/useDailyData.ts:19:29)
    at http://localhost:5183/src/hooks/useDailyData.ts:62:25
    at http://localhost:5183/src/hooks/useDailyData.ts:76:7
    at Object.react_stack_bottom_frame (http://localhost:5183/node_modules/.vite/deps/react-dom_client.js?v=68a069a7:18567:20)
    at runWithFiberInDEV (http://localhost:5183/node_modules/.vite/deps/react-dom_client.js?v=68a069a7:997:72)
    at commitHookEffectListMount (http://localhost:5183/node_modules/.vite/deps/react-dom_client.js?v=68a069a7:9411:163)
    at commitHookPassiveMountEffects (http://localhost:5183/node_modules/.vite/deps/react-dom_client.js?v=68a069a7:9465:60)
    at commitPassiveMountOnFiber (http://localhost:5183/node_modules/.vite/deps/react-dom_client.js?v=68a069a7:11040:29)
    at recursivelyTraversePassiveMountEffects (http://localhost:5183/node_modules/.vite/deps/react-dom_client.js?v=68a069a7:11010:13)
[      92ms] TypeError: Cannot read properties of undefined (reading 'local')
    at Object.get (http://localhost:5183/src/services/storage.ts:3:41)
    at readAllDailyData (http://localhost:5183/src/hooks/useDailyData.ts:19:29)
    at http://localhost:5183/src/hooks/useDailyData.ts:62:25
    at http://localhost:5183/src/hooks/useDailyData.ts:76:7
    at Object.react_stack_bottom_frame (http://localhost:5183/node_modules/.vite/deps/react-dom_client.js?v=68a069a7:18567:20)
    at runWithFiberInDEV (http://localhost:5183/node_modules/.vite/deps/react-dom_client.js?v=68a069a7:997:72)
    at commitHookEffectListMount (http://localhost:5183/node_modules/.vite/deps/react-dom_client.js?v=68a069a7:9411:163)
    at commitHookPassiveMountEffects (http://localhost:5183/node_modules/.vite/deps/react-dom_client.js?v=68a069a7:9465:60)
    at reconnectPassiveEffects (http://localhost:5183/node_modules/.vite/deps/react-dom_client.js?v=68a069a7:11273:13)
    at recursivelyTraverseReconnectPassiveEffects (http://localhost:5183/node_modules/.vite/deps/react-dom_client.js?v=68a069a7:11240:11)
[    7673ms] [LOG] [vite] server connection lost. Polling for restart... @ http://localhost:5183/@vite/client:559
[    7675ms] [ERROR] Failed to load resource: net::ERR_CONNECTION_REFUSED @ http://localhost:5183/:0
[    8677ms] [ERROR] Failed to load resource: net::ERR_CONNECTION_REFUSED @ http://localhost:5183/:0
[    9681ms] [ERROR] Failed to load resource: net::ERR_CONNECTION_REFUSED @ http://localhost:5183/:0
[   10685ms] [ERROR] Failed to load resource: net::ERR_CONNECTION_REFUSED @ http://localhost:5183/:0
[   11688ms] [ERROR] Failed to load resource: net::ERR_CONNECTION_REFUSED @ http://localhost:5183/:0
[   12689ms] [ERROR] Failed to load resource: net::ERR_CONNECTION_REFUSED @ http://localhost:5183/:0
[   13693ms] [ERROR] Failed to load resource: net::ERR_CONNECTION_REFUSED @ http://localhost:5183/:0
[   14696ms] [ERROR] Failed to load resource: net::ERR_CONNECTION_REFUSED @ http://localhost:5183/:0
[   15700ms] [ERROR] Failed to load resource: net::ERR_CONNECTION_REFUSED @ http://localhost:5183/:0
[   16705ms] [ERROR] Failed to load resource: net::ERR_CONNECTION_REFUSED @ http://localhost:5183/:0
[   17708ms] [ERROR] Failed to load resource: net::ERR_CONNECTION_REFUSED @ http://localhost:5183/:0
[   18712ms] [ERROR] Failed to load resource: net::ERR_CONNECTION_REFUSED @ http://localhost:5183/:0
[   19716ms] [ERROR] Failed to load resource: net::ERR_CONNECTION_REFUSED @ http://localhost:5183/:0
[   20720ms] [ERROR] Failed to load resource: net::ERR_CONNECTION_REFUSED @ http://localhost:5183/:0
[   21723ms] [ERROR] Failed to load resource: net::ERR_CONNECTION_REFUSED @ http://localhost:5183/:0
[   22727ms] [ERROR] Failed to load resource: net::ERR_CONNECTION_REFUSED @ http://localhost:5183/:0
[   23731ms] [ERROR] Failed to load resource: net::ERR_CONNECTION_REFUSED @ http://localhost:5183/:0
[   24734ms] [ERROR] Failed to load resource: net::ERR_CONNECTION_REFUSED @ http://localhost:5183/:0
[   25738ms] [ERROR] Failed to load resource: net::ERR_CONNECTION_REFUSED @ http://localhost:5183/:0
[   26742ms] [ERROR] Failed to load resource: net::ERR_CONNECTION_REFUSED @ http://localhost:5183/:0
[   27747ms] [ERROR] Failed to load resource: net::ERR_CONNECTION_REFUSED @ http://localhost:5183/:0
[   28751ms] [ERROR] Failed to load resource: net::ERR_CONNECTION_REFUSED @ http://localhost:5183/:0
[   29756ms] [ERROR] Failed to load resource: net::ERR_CONNECTION_REFUSED @ http://localhost:5183/:0
[   30759ms] [ERROR] Failed to load resource: net::ERR_CONNECTION_REFUSED @ http://localhost:5183/:0
[   31764ms] [ERROR] Failed to load resource: net::ERR_CONNECTION_REFUSED @ http://localhost:5183/:0
[   32769ms] [ERROR] Failed to load resource: net::ERR_CONNECTION_REFUSED @ http://localhost:5183/:0
[   33772ms] [ERROR] Failed to load resource: net::ERR_CONNECTION_REFUSED @ http://localhost:5183/:0
[   34776ms] [ERROR] Failed to load resource: net::ERR_CONNECTION_REFUSED @ http://localhost:5183/:0
[   35780ms] [ERROR] Failed to load resource: net::ERR_CONNECTION_REFUSED @ http://localhost:5183/:0
[   36784ms] [ERROR] Failed to load resource: net::ERR_CONNECTION_REFUSED @ http://localhost:5183/:0
[   37789ms] [ERROR] Failed to load resource: net::ERR_CONNECTION_REFUSED @ http://localhost:5183/:0
[   38793ms] [ERROR] Failed to load resource: net::ERR_CONNECTION_REFUSED @ http://localhost:5183/:0
[   39799ms] [ERROR] Failed to load resource: net::ERR_CONNECTION_REFUSED @ http://localhost:5183/:0
[   40804ms] [ERROR] Failed to load resource: net::ERR_CONNECTION_REFUSED @ http://localhost:5183/:0
[   41807ms] [ERROR] Failed to load resource: net::ERR_CONNECTION_REFUSED @ http://localhost:5183/:0
[   42812ms] [ERROR] Failed to load resource: net::ERR_CONNECTION_REFUSED @ http://localhost:5183/:0
[   43817ms] [ERROR] Failed to load resource: net::ERR_CONNECTION_REFUSED @ http://localhost:5183/:0
[   44822ms] [ERROR] Failed to load resource: net::ERR_CONNECTION_REFUSED @ http://localhost:5183/:0
[   45827ms] [ERROR] Failed to load resource: net::ERR_CONNECTION_REFUSED @ http://localhost:5183/:0
[   46832ms] [ERROR] Failed to load resource: net::ERR_CONNECTION_REFUSED @ http://localhost:5183/:0
[   47836ms] [ERROR] Failed to load resource: net::ERR_CONNECTION_REFUSED @ http://localhost:5183/:0
[   48840ms] [ERROR] Failed to load resource: net::ERR_CONNECTION_REFUSED @ http://localhost:5183/:0
[   49843ms] [ERROR] Failed to load resource: net::ERR_CONNECTION_REFUSED @ http://localhost:5183/:0
[   50847ms] [ERROR] Failed to load resource: net::ERR_CONNECTION_REFUSED @ http://localhost:5183/:0
[   51851ms] [ERROR] Failed to load resource: net::ERR_CONNECTION_REFUSED @ http://localhost:5183/:0
[   52856ms] [ERROR] Failed to load resource: net::ERR_CONNECTION_REFUSED @ http://localhost:5183/:0
[   53860ms] [ERROR] Failed to load resource: net::ERR_CONNECTION_REFUSED @ http://localhost:5183/:0
[   54864ms] [ERROR] Failed to load resource: net::ERR_CONNECTION_REFUSED @ http://localhost:5183/:0
[   55869ms] [ERROR] Failed to load resource: net::ERR_CONNECTION_REFUSED @ http://localhost:5183/:0
[   56873ms] [ERROR] Failed to load resource: net::ERR_CONNECTION_REFUSED @ http://localhost:5183/:0
[   57877ms] [ERROR] Failed to load resource: net::ERR_CONNECTION_REFUSED @ http://localhost:5183/:0
[   58881ms] [ERROR] Failed to load resource: net::ERR_CONNECTION_REFUSED @ http://localhost:5183/:0
[   59886ms] [ERROR] Failed to load resource: net::ERR_CONNECTION_REFUSED @ http://localhost:5183/:0
[   60890ms] [ERROR] Failed to load resource: net::ERR_CONNECTION_REFUSED @ http://localhost:5183/:0
[   61893ms] [ERROR] Failed to load resource: net::ERR_CONNECTION_REFUSED @ http://localhost:5183/:0
[   62897ms] [ERROR] Failed to load resource: net::ERR_CONNECTION_REFUSED @ http://localhost:5183/:0
[   63902ms] [ERROR] Failed to load resource: net::ERR_CONNECTION_REFUSED @ http://localhost:5183/:0
[   64906ms] [ERROR] Failed to load resource: net::ERR_CONNECTION_REFUSED @ http://localhost:5183/:0
[   65911ms] [ERROR] Failed to load resource: net::ERR_CONNECTION_REFUSED @ http://localhost:5183/:0
[   66914ms] [ERROR] Failed to load resource: net::ERR_CONNECTION_REFUSED @ http://localhost:5183/:0
[   67920ms] [ERROR] Failed to load resource: net::ERR_CONNECTION_REFUSED @ http://localhost:5183/:0
[   68924ms] [ERROR] Failed to load resource: net::ERR_CONNECTION_REFUSED @ http://localhost:5183/:0
[   69928ms] [ERROR] Failed to load resource: net::ERR_CONNECTION_REFUSED @ http://localhost:5183/:0
[   70932ms] [ERROR] Failed to load resource: net::ERR_CONNECTION_REFUSED @ http://localhost:5183/:0
[   71936ms] [ERROR] Failed to load resource: net::ERR_CONNECTION_REFUSED @ http://localhost:5183/:0
[   72939ms] [ERROR] Failed to load resource: net::ERR_CONNECTION_REFUSED @ http://localhost:5183/:0
[   73942ms] [ERROR] Failed to load resource: net::ERR_CONNECTION_REFUSED @ http://localhost:5183/:0
[   74947ms] [ERROR] Failed to load resource: net::ERR_CONNECTION_REFUSED @ http://localhost:5183/:0
[   75949ms] [ERROR] Failed to load resource: net::ERR_CONNECTION_REFUSED @ http://localhost:5183/:0
[   76954ms] [ERROR] Failed to load resource: net::ERR_CONNECTION_REFUSED @ http://localhost:5183/:0
[   77956ms] [ERROR] Failed to load resource: net::ERR_CONNECTION_REFUSED @ http://localhost:5183/:0
[   78961ms] [ERROR] Failed to load resource: net::ERR_CONNECTION_REFUSED @ http://localhost:5183/:0
[   79965ms] [ERROR] Failed to load resource: net::ERR_CONNECTION_REFUSED @ http://localhost:5183/:0
[   80970ms] [ERROR] Failed to load resource: net::ERR_CONNECTION_REFUSED @ http://localhost:5183/:0
[   81973ms] [ERROR] Failed to load resource: net::ERR_CONNECTION_REFUSED @ http://localhost:5183/:0
[   82978ms] [ERROR] Failed to load resource: net::ERR_CONNECTION_REFUSED @ http://localhost:5183/:0
[   83981ms] [ERROR] Failed to load resource: net::ERR_CONNECTION_REFUSED @ http://localhost:5183/:0
[   84986ms] [ERROR] Failed to load resource: net::ERR_CONNECTION_REFUSED @ http://localhost:5183/:0
[   85990ms] [ERROR] Failed to load resource: net::ERR_CONNECTION_REFUSED @ http://localhost:5183/:0
[   86995ms] [ERROR] Failed to load resource: net::ERR_CONNECTION_REFUSED @ http://localhost:5183/:0
[   87999ms] [ERROR] Failed to load resource: net::ERR_CONNECTION_REFUSED @ http://localhost:5183/:0
[   89004ms] [ERROR] Failed to load resource: net::ERR_CONNECTION_REFUSED @ http://localhost:5183/:0
[   90007ms] [ERROR] Failed to load resource: net::ERR_CONNECTION_REFUSED @ http://localhost:5183/:0
[   91010ms] [ERROR] Failed to load resource: net::ERR_CONNECTION_REFUSED @ http://localhost:5183/:0
[   92016ms] [ERROR] Failed to load resource: net::ERR_CONNECTION_REFUSED @ http://localhost:5183/:0
[   93020ms] [ERROR] Failed to load resource: net::ERR_CONNECTION_REFUSED @ http://localhost:5183/:0
[   94024ms] [ERROR] Failed to load resource: net::ERR_CONNECTION_REFUSED @ http://localhost:5183/:0
[   95027ms] [ERROR] Failed to load resource: net::ERR_CONNECTION_REFUSED @ http://localhost:5183/:0
[   96032ms] [ERROR] Failed to load resource: net::ERR_CONNECTION_REFUSED @ http://localhost:5183/:0
[   97035ms] [ERROR] Failed to load resource: net::ERR_CONNECTION_REFUSED @ http://localhost:5183/:0
[   98039ms] [ERROR] Failed to load resource: net::ERR_CONNECTION_REFUSED @ http://localhost:5183/:0
[   99042ms] [ERROR] Failed to load resource: net::ERR_CONNECTION_REFUSED @ http://localhost:5183/:0
[  100045ms] [ERROR] Failed to load resource: net::ERR_CONNECTION_REFUSED @ http://localhost:5183/:0
[  101049ms] [ERROR] Failed to load resource: net::ERR_CONNECTION_REFUSED @ http://localhost:5183/:0
[  102053ms] [ERROR] Failed to load resource: net::ERR_CONNECTION_REFUSED @ http://localhost:5183/:0
[  103056ms] [ERROR] Failed to load resource: net::ERR_CONNECTION_REFUSED @ http://localhost:5183/:0
[  104059ms] [ERROR] Failed to load resource: net::ERR_CONNECTION_REFUSED @ http://localhost:5183/:0
[  105061ms] [ERROR] Failed to load resource: net::ERR_CONNECTION_REFUSED @ http://localhost:5183/:0
[  106064ms] [ERROR] Failed to load resource: net::ERR_CONNECTION_REFUSED @ http://localhost:5183/:0
[  107070ms] [ERROR] Failed to load resource: net::ERR_CONNECTION_REFUSED @ http://localhost:5183/:0
[  108075ms] [ERROR] Failed to load resource: net::ERR_CONNECTION_REFUSED @ http://localhost:5183/:0
[  109080ms] [ERROR] Failed to load resource: net::ERR_CONNECTION_REFUSED @ http://localhost:5183/:0
[  110084ms] [ERROR] Failed to load resource: net::ERR_CONNECTION_REFUSED @ http://localhost:5183/:0
[  111089ms] [ERROR] Failed to load resource: net::ERR_CONNECTION_REFUSED @ http://localhost:5183/:0
[  112090ms] [ERROR] Failed to load resource: net::ERR_CONNECTION_REFUSED @ http://localhost:5183/:0
[  113093ms] [ERROR] Failed to load resource: net::ERR_CONNECTION_REFUSED @ http://localhost:5183/:0
[  114095ms] [ERROR] Failed to load resource: net::ERR_CONNECTION_REFUSED @ http://localhost:5183/:0
[  115098ms] [ERROR] Failed to load resource: net::ERR_CONNECTION_REFUSED @ http://localhost:5183/:0
[  116101ms] [ERROR] Failed to load resource: net::ERR_CONNECTION_REFUSED @ http://localhost:5183/:0
[  117103ms] [ERROR] Failed to load resource: net::ERR_CONNECTION_REFUSED @ http://localhost:5183/:0
[  118106ms] [ERROR] Failed to load resource: net::ERR_CONNECTION_REFUSED @ http://localhost:5183/:0
[  119110ms] [ERROR] Failed to load resource: net::ERR_CONNECTION_REFUSED @ http://localhost:5183/:0
[  120114ms] [ERROR] Failed to load resource: net::ERR_CONNECTION_REFUSED @ http://localhost:5183/:0
[  121116ms] [ERROR] Failed to load resource: net::ERR_CONNECTION_REFUSED @ http://localhost:5183/:0
[  122118ms] [ERROR] Failed to load resource: net::ERR_CONNECTION_REFUSED @ http://localhost:5183/:0
[  123121ms] [ERROR] Failed to load resource: net::ERR_CONNECTION_REFUSED @ http://localhost:5183/:0
[  124123ms] [ERROR] Failed to load resource: net::ERR_CONNECTION_REFUSED @ http://localhost:5183/:0
[  125125ms] [ERROR] Failed to load resource: net::ERR_CONNECTION_REFUSED @ http://localhost:5183/:0
[  126128ms] [ERROR] Failed to load resource: net::ERR_CONNECTION_REFUSED @ http://localhost:5183/:0
[  127131ms] [ERROR] Failed to load resource: net::ERR_CONNECTION_REFUSED @ http://localhost:5183/:0
[  128133ms] [ERROR] Failed to load resource: net::ERR_CONNECTION_REFUSED @ http://localhost:5183/:0
[  129138ms] [ERROR] Failed to load resource: net::ERR_CONNECTION_REFUSED @ http://localhost:5183/:0
[  130142ms] [ERROR] Failed to load resource: net::ERR_CONNECTION_REFUSED @ http://localhost:5183/:0
[  131146ms] [ERROR] Failed to load resource: net::ERR_CONNECTION_REFUSED @ http://localhost:5183/:0
[  132151ms] [ERROR] Failed to load resource: net::ERR_CONNECTION_REFUSED @ http://localhost:5183/:0
[  133155ms] [ERROR] Failed to load resource: net::ERR_CONNECTION_REFUSED @ http://localhost:5183/:0
[  134160ms] [ERROR] Failed to load resource: net::ERR_CONNECTION_REFUSED @ http://localhost:5183/:0
[  135164ms] [ERROR] Failed to load resource: net::ERR_CONNECTION_REFUSED @ http://localhost:5183/:0
[  136169ms] [ERROR] Failed to load resource: net::ERR_CONNECTION_REFUSED @ http://localhost:5183/:0
[  137173ms] [ERROR] Failed to load resource: net::ERR_CONNECTION_REFUSED @ http://localhost:5183/:0
[  138176ms] [ERROR] Failed to load resource: net::ERR_CONNECTION_REFUSED @ http://localhost:5183/:0
[  139181ms] [ERROR] Failed to load resource: net::ERR_CONNECTION_REFUSED @ http://localhost:5183/:0
[  140185ms] [ERROR] Failed to load resource: net::ERR_CONNECTION_REFUSED @ http://localhost:5183/:0
[  141190ms] [ERROR] Failed to load resource: net::ERR_CONNECTION_REFUSED @ http://localhost:5183/:0
[  142194ms] [ERROR] Failed to load resource: net::ERR_CONNECTION_REFUSED @ http://localhost:5183/:0
[  143198ms] [ERROR] Failed to load resource: net::ERR_CONNECTION_REFUSED @ http://localhost:5183/:0
[  144203ms] [ERROR] Failed to load resource: net::ERR_CONNECTION_REFUSED @ http://localhost:5183/:0
[  145206ms] [ERROR] Failed to load resource: net::ERR_CONNECTION_REFUSED @ http://localhost:5183/:0
[  146210ms] [ERROR] Failed to load resource: net::ERR_CONNECTION_REFUSED @ http://localhost:5183/:0
[  147215ms] [ERROR] Failed to load resource: net::ERR_CONNECTION_REFUSED @ http://localhost:5183/:0
[  148220ms] [ERROR] Failed to load resource: net::ERR_CONNECTION_REFUSED @ http://localhost:5183/:0
[  149224ms] [ERROR] Failed to load resource: net::ERR_CONNECTION_REFUSED @ http://localhost:5183/:0
[  150227ms] [ERROR] Failed to load resource: net::ERR_CONNECTION_REFUSED @ http://localhost:5183/:0
[  151232ms] [ERROR] Failed to load resource: net::ERR_CONNECTION_REFUSED @ http://localhost:5183/:0
[  152236ms] [ERROR] Failed to load resource: net::ERR_CONNECTION_REFUSED @ http://localhost:5183/:0
[  153240ms] [ERROR] Failed to load resource: net::ERR_CONNECTION_REFUSED @ http://localhost:5183/:0
[  154244ms] [ERROR] Failed to load resource: net::ERR_CONNECTION_REFUSED @ http://localhost:5183/:0
[  155249ms] [ERROR] Failed to load resource: net::ERR_CONNECTION_REFUSED @ http://localhost:5183/:0
[  156253ms] [ERROR] Failed to load resource: net::ERR_CONNECTION_REFUSED @ http://localhost:5183/:0
[  157257ms] [ERROR] Failed to load resource: net::ERR_CONNECTION_REFUSED @ http://localhost:5183/:0
[  158260ms] [ERROR] Failed to load resource: net::ERR_CONNECTION_REFUSED @ http://localhost:5183/:0
[  159265ms] [ERROR] Failed to load resource: net::ERR_CONNECTION_REFUSED @ http://localhost:5183/:0
[  160270ms] [ERROR] Failed to load resource: net::ERR_CONNECTION_REFUSED @ http://localhost:5183/:0
[  161275ms] [ERROR] Failed to load resource: net::ERR_CONNECTION_REFUSED @ http://localhost:5183/:0
[  162279ms] [ERROR] Failed to load resource: net::ERR_CONNECTION_REFUSED @ http://localhost:5183/:0
[  163283ms] [ERROR] Failed to load resource: net::ERR_CONNECTION_REFUSED @ http://localhost:5183/:0
[  164286ms] [ERROR] Failed to load resource: net::ERR_CONNECTION_REFUSED @ http://localhost:5183/:0
[  165290ms] [ERROR] Failed to load resource: net::ERR_CONNECTION_REFUSED @ http://localhost:5183/:0
[  166295ms] [ERROR] Failed to load resource: net::ERR_CONNECTION_REFUSED @ http://localhost:5183/:0
[  167299ms] [ERROR] Failed to load resource: net::ERR_CONNECTION_REFUSED @ http://localhost:5183/:0
[  168303ms] [ERROR] Failed to load resource: net::ERR_CONNECTION_REFUSED @ http://localhost:5183/:0
[  169307ms] [ERROR] Failed to load resource: net::ERR_CONNECTION_REFUSED @ http://localhost:5183/:0
[  170310ms] [ERROR] Failed to load resource: net::ERR_CONNECTION_REFUSED @ http://localhost:5183/:0
[  171315ms] [ERROR] Failed to load resource: net::ERR_CONNECTION_REFUSED @ http://localhost:5183/:0
[  172319ms] [ERROR] Failed to load resource: net::ERR_CONNECTION_REFUSED @ http://localhost:5183/:0
[  173323ms] [ERROR] Failed to load resource: net::ERR_CONNECTION_REFUSED @ http://localhost:5183/:0
[  174326ms] [ERROR] Failed to load resource: net::ERR_CONNECTION_REFUSED @ http://localhost:5183/:0
[  175331ms] [ERROR] Failed to load resource: net::ERR_CONNECTION_REFUSED @ http://localhost:5183/:0
[  176336ms] [ERROR] Failed to load resource: net::ERR_CONNECTION_REFUSED @ http://localhost:5183/:0
[  177340ms] [ERROR] Failed to load resource: net::ERR_CONNECTION_REFUSED @ http://localhost:5183/:0
[  178344ms] [ERROR] Failed to load resource: net::ERR_CONNECTION_REFUSED @ http://localhost:5183/:0
[  179348ms] [ERROR] Failed to load resource: net::ERR_CONNECTION_REFUSED @ http://localhost:5183/:0
[  180352ms] [ERROR] Failed to load resource: net::ERR_CONNECTION_REFUSED @ http://localhost:5183/:0
[  181357ms] [ERROR] Failed to load resource: net::ERR_CONNECTION_REFUSED @ http://localhost:5183/:0
[  182361ms] [ERROR] Failed to load resource: net::ERR_CONNECTION_REFUSED @ http://localhost:5183/:0
[  183365ms] [ERROR] Failed to load resource: net::ERR_CONNECTION_REFUSED @ http://localhost:5183/:0
[  184369ms] [ERROR] Failed to load resource: net::ERR_CONNECTION_REFUSED @ http://localhost:5183/:0
[  185373ms] [ERROR] Failed to load resource: net::ERR_CONNECTION_REFUSED @ http://localhost:5183/:0
[  186376ms] [ERROR] Failed to load resource: net::ERR_CONNECTION_REFUSED @ http://localhost:5183/:0
[  187381ms] [ERROR] Failed to load resource: net::ERR_CONNECTION_REFUSED @ http://localhost:5183/:0
[  188385ms] [ERROR] Failed to load resource: net::ERR_CONNECTION_REFUSED @ http://localhost:5183/:0
[  189390ms] [ERROR] Failed to load resource: net::ERR_CONNECTION_REFUSED @ http://localhost:5183/:0
[  190394ms] [ERROR] Failed to load resource: net::ERR_CONNECTION_REFUSED @ http://localhost:5183/:0
[  191396ms] [ERROR] Failed to load resource: net::ERR_CONNECTION_REFUSED @ http://localhost:5183/:0
[  192401ms] [ERROR] Failed to load resource: net::ERR_CONNECTION_REFUSED @ http://localhost:5183/:0
[  193403ms] [ERROR] Failed to load resource: net::ERR_CONNECTION_REFUSED @ http://localhost:5183/:0
[  194407ms] [ERROR] Failed to load resource: net::ERR_CONNECTION_REFUSED @ http://localhost:5183/:0
[  195411ms] [ERROR] Failed to load resource: net::ERR_CONNECTION_REFUSED @ http://localhost:5183/:0
[  196416ms] [ERROR] Failed to load resource: net::ERR_CONNECTION_REFUSED @ http://localhost:5183/:0
[  197421ms] [ERROR] Failed to load resource: net::ERR_CONNECTION_REFUSED @ http://localhost:5183/:0
[  198425ms] [ERROR] Failed to load resource: net::ERR_CONNECTION_REFUSED @ http://localhost:5183/:0
[  199429ms] [ERROR] Failed to load resource: net::ERR_CONNECTION_REFUSED @ http://localhost:5183/:0
[  200434ms] [ERROR] Failed to load resource: net::ERR_CONNECTION_REFUSED @ http://localhost:5183/:0
[  201438ms] [ERROR] Failed to load resource: net::ERR_CONNECTION_REFUSED @ http://localhost:5183/:0
[  202441ms] [ERROR] Failed to load resource: net::ERR_CONNECTION_REFUSED @ http://localhost:5183/:0
[  203446ms] [ERROR] Failed to load resource: net::ERR_CONNECTION_REFUSED @ http://localhost:5183/:0
[  204450ms] [ERROR] Failed to load resource: net::ERR_CONNECTION_REFUSED @ http://localhost:5183/:0
[  205455ms] [ERROR] Failed to load resource: net::ERR_CONNECTION_REFUSED @ http://localhost:5183/:0
[  206458ms] [ERROR] Failed to load resource: net::ERR_CONNECTION_REFUSED @ http://localhost:5183/:0
[  207462ms] [ERROR] Failed to load resource: net::ERR_CONNECTION_REFUSED @ http://localhost:5183/:0
[  208466ms] [ERROR] Failed to load resource: net::ERR_CONNECTION_REFUSED @ http://localhost:5183/:0
[  209471ms] [ERROR] Failed to load resource: net::ERR_CONNECTION_REFUSED @ http://localhost:5183/:0
[  210475ms] [ERROR] Failed to load resource: net::ERR_CONNECTION_REFUSED @ http://localhost:5183/:0
[  211479ms] [ERROR] Failed to load resource: net::ERR_CONNECTION_REFUSED @ http://localhost:5183/:0
[  212483ms] [ERROR] Failed to load resource: net::ERR_CONNECTION_REFUSED @ http://localhost:5183/:0
[  213488ms] [ERROR] Failed to load resource: net::ERR_CONNECTION_REFUSED @ http://localhost:5183/:0
[  214491ms] [ERROR] Failed to load resource: net::ERR_CONNECTION_REFUSED @ http://localhost:5183/:0
[  215495ms] [ERROR] Failed to load resource: net::ERR_CONNECTION_REFUSED @ http://localhost:5183/:0
[  216499ms] [ERROR] Failed to load resource: net::ERR_CONNECTION_REFUSED @ http://localhost:5183/:0
[  217504ms] [ERROR] Failed to load resource: net::ERR_CONNECTION_REFUSED @ http://localhost:5183/:0
[  218508ms] [ERROR] Failed to load resource: net::ERR_CONNECTION_REFUSED @ http://localhost:5183/:0
[  219513ms] [ERROR] Failed to load resource: net::ERR_CONNECTION_REFUSED @ http://localhost:5183/:0
[  220517ms] [ERROR] Failed to load resource: net::ERR_CONNECTION_REFUSED @ http://localhost:5183/:0
[  221519ms] [ERROR] Failed to load resource: net::ERR_CONNECTION_REFUSED @ http://localhost:5183/:0
[  222523ms] [ERROR] Failed to load resource: net::ERR_CONNECTION_REFUSED @ http://localhost:5183/:0
[  223527ms] [ERROR] Failed to load resource: net::ERR_CONNECTION_REFUSED @ http://localhost:5183/:0
[  224532ms] [ERROR] Failed to load resource: net::ERR_CONNECTION_REFUSED @ http://localhost:5183/:0
